
68. Printing statistics.

=== femto ===

   Number of wires:               2576
   Number of wire bits:           2576
   Number of public wires:         383
   Number of public wire bits:     383
   Number of memories:               0
   Number of memory bits:            0
   Number of processes:              0
   Number of cells:               2571
     sky130_fd_sc_hd__a2111oi_0      2
     sky130_fd_sc_hd__a211o_1        2
     sky130_fd_sc_hd__a211oi_1      36
     sky130_fd_sc_hd__a21boi_0       8
     sky130_fd_sc_hd__a21o_1        21
     sky130_fd_sc_hd__a21oi_1      204
     sky130_fd_sc_hd__a221o_1        2
     sky130_fd_sc_hd__a221oi_1      46
     sky130_fd_sc_hd__a222oi_1      21
     sky130_fd_sc_hd__a22o_1        10
     sky130_fd_sc_hd__a22oi_1       36
     sky130_fd_sc_hd__a2bb2oi_1      1
     sky130_fd_sc_hd__a311o_1        1
     sky130_fd_sc_hd__a311oi_1       4
     sky130_fd_sc_hd__a31o_2         3
     sky130_fd_sc_hd__a31oi_1       27
     sky130_fd_sc_hd__a32o_1         2
     sky130_fd_sc_hd__a32oi_1        2
     sky130_fd_sc_hd__and2_0         2
     sky130_fd_sc_hd__and2_1         1
     sky130_fd_sc_hd__and3_1        78
     sky130_fd_sc_hd__and4b_1        1
     sky130_fd_sc_hd__buf_1          1
     sky130_fd_sc_hd__buf_2         19
     sky130_fd_sc_hd__clkbuf_1     142
     sky130_fd_sc_hd__dfxtp_1      376
     sky130_fd_sc_hd__dlxtp_1        1
     sky130_fd_sc_hd__inv_1         54
     sky130_fd_sc_hd__inv_2        179
     sky130_fd_sc_hd__lpflow_clkbufkapwr_1     63
     sky130_fd_sc_hd__lpflow_clkinvkapwr_1      5
     sky130_fd_sc_hd__lpflow_inputiso0n_1     14
     sky130_fd_sc_hd__lpflow_inputiso1p_1      1
     sky130_fd_sc_hd__lpflow_isobufsrc_1     35
     sky130_fd_sc_hd__maj3_1        11
     sky130_fd_sc_hd__mux2_2         8
     sky130_fd_sc_hd__mux2i_1       13
     sky130_fd_sc_hd__nand2_1      178
     sky130_fd_sc_hd__nand2b_1      24
     sky130_fd_sc_hd__nand3_1       33
     sky130_fd_sc_hd__nand4_1        5
     sky130_fd_sc_hd__nand4b_1       2
     sky130_fd_sc_hd__nor2_1       364
     sky130_fd_sc_hd__nor2b_1        7
     sky130_fd_sc_hd__nor3_1        33
     sky130_fd_sc_hd__nor3b_1        7
     sky130_fd_sc_hd__nor4_1         9
     sky130_fd_sc_hd__nor4b_1        3
     sky130_fd_sc_hd__nor4bb_1       1
     sky130_fd_sc_hd__o2111a_1       2
     sky130_fd_sc_hd__o211a_1        3
     sky130_fd_sc_hd__o211ai_1      11
     sky130_fd_sc_hd__o21a_1        10
     sky130_fd_sc_hd__o21ai_0      183
     sky130_fd_sc_hd__o21ai_1       19
     sky130_fd_sc_hd__o21ba_2        1
     sky130_fd_sc_hd__o21bai_1       5
     sky130_fd_sc_hd__o221ai_1      17
     sky130_fd_sc_hd__o22a_1         1
     sky130_fd_sc_hd__o22ai_1       20
     sky130_fd_sc_hd__o2bb2ai_1      2
     sky130_fd_sc_hd__o311a_1        1
     sky130_fd_sc_hd__o311ai_0       3
     sky130_fd_sc_hd__o311ai_1       1
     sky130_fd_sc_hd__o31a_1         5
     sky130_fd_sc_hd__o31ai_1       10
     sky130_fd_sc_hd__o41ai_1        2
     sky130_fd_sc_hd__or2_2         25
     sky130_fd_sc_hd__or3_1         20
     sky130_fd_sc_hd__or3b_2         3
     sky130_fd_sc_hd__or4_1          3
     sky130_fd_sc_hd__xnor2_1       74
     sky130_fd_sc_hd__xor2_1        51
     sky130_fd_sc_hd__xor3_1         1

   Chip area for module '\femto': 19237.200000

